../Core/Src/main.c:67:5:__io_putchar	1
../Core/Src/main.c:75:5:__io_getchar	1
../Core/Src/main.c:84:6:NRF24_WriteRegister	1
../Core/Src/main.c:102:6:NRF24_SendCommand	1
../Core/Src/main.c:116:6:NRF24_ReadPayload	1
../Core/Src/main.c:132:6:LSM6DSOX_WriteReg	1
../Core/Src/main.c:136:6:LSM6DSOX_ReadRegs	1
../Core/Src/main.c:140:6:LSM6DSOX_ReadAccel	1
../Core/Src/main.c:160:5:main	2
../Core/Src/main.c:314:6:SystemClock_Config	4
../Core/Src/main.c:364:13:MX_I2C1_Init	4
../Core/Src/main.c:412:13:MX_SPI1_Init	2
../Core/Src/main.c:452:13:MX_USART2_UART_Init	2
../Core/Src/main.c:487:13:MX_GPIO_Init	1
../Core/Src/main.c:545:6:Error_Handler	1
